#-----------------------------------------------------------
# Webtalk v2020.1 (64-bit)
# SW Build 2902540 on Wed May 27 19:54:49 MDT 2020
# IP Build 2902112 on Wed May 27 22:43:36 MDT 2020
# Start of session at: Sun Nov 29 11:58:49 2020
# Process ID: 10908
# Current directory: D:/Ferris-Prima-Nugraha/HKUST/2020Fall/ELEC3310/miniproject_826/miniproject_826.sim/sim_1/behav/xsim
# Command line: wbtcv.exe -mode batch -source D:/Ferris-Prima-Nugraha/HKUST/2020Fall/ELEC3310/miniproject_826/miniproject_826.sim/sim_1/behav/xsim/xsim.dir/sequence_detector_tb_826_behav/webtalk/xsim_webtalk.tcl -notrace
# Log file: D:/Ferris-Prima-Nugraha/HKUST/2020Fall/ELEC3310/miniproject_826/miniproject_826.sim/sim_1/behav/xsim/webtalk.log
# Journal file: D:/Ferris-Prima-Nugraha/HKUST/2020Fall/ELEC3310/miniproject_826/miniproject_826.sim/sim_1/behav/xsim\webtalk.jou
#-----------------------------------------------------------
source D:/Ferris-Prima-Nugraha/HKUST/2020Fall/ELEC3310/miniproject_826/miniproject_826.sim/sim_1/behav/xsim/xsim.dir/sequence_detector_tb_826_behav/webtalk/xsim_webtalk.tcl -notrace
